C51 COMPILER V9.60.7.0   MAIN                                                              02/18/2024 15:32:39 PAGE 1   


C51 COMPILER V9.60.7.0, COMPILATION OF MODULE MAIN
OBJECT MODULE PLACED IN .\Objects\main.obj
COMPILER INVOKED BY: D:\Keil5\C51\BIN\C51.EXE main.c OPTIMIZE(8,SPEED) BROWSE DEBUG OBJECTEXTEND PRINT(.\Listings\main.l
                    -st) OBJECT(.\Objects\main.obj)

line level    source

   1          #include <STC15F2K60S2.H>
   2          #include <INTRINS.H>
   3          
   4          typedef unsigned char u8;
   5          typedef unsigned int u16;
   6          
   7          sbit L1=P0^0;
   8          sbit L8=P0^7;
   9          
  10          void Delay(u16 xms)             //@11.0592MHz
  11          {
  12   1              while(xms--)
  13   1              {
  14   2                      unsigned char i, j;
  15   2      
  16   2                      _nop_();
  17   2                      i = 2;
  18   2                      j = 199;
  19   2                      do
  20   2                      {
  21   3                              while (--j);
  22   3                      } while (--i);
  23   2              }
  24   1      }
  25          
  26          void InitHC138(u8 n)
  27          {
  28   1              switch(n)
  29   1              {
  30   2                      case 4 : P2=(P2&0x1F)|0x80; break;
  31   2                      case 5 : P2=(P2&0x1F)|0xA0; break;
  32   2                      case 6 : P2=(P2&0x1F)|0xC0; break;
  33   2                      case 7 : P2=(P2&0x1F)|0xE0; break;
  34   2              }
  35   1      }
  36          
  37          void Working()
  38          {
  39   1              InitHC138(4);
  40   1              L1=0;
  41   1              Delay(1000);
  42   1              L1=1;
  43   1              Delay(1000);
  44   1      }
  45          void Init_INT0()
  46          {
  47   1              IT1 = 1;
  48   1              EX1 = 1; // 外部中断 0 中断允许位， EX0=1，允许外部中断 0 中断； EX0=0，禁止外部
             -中断 0 中断
  49   1              EA = 1; //总中断
  50   1      }
  51          void ServiceINT0() interrupt 2
  52          {
  53   1              L8 = 0;
C51 COMPILER V9.60.7.0   MAIN                                                              02/18/2024 15:32:39 PAGE 2   

  54   1              Delay(5000);
  55   1              L8 = 1;
  56   1      }
  57          void main()
  58          {
  59   1              Init_INT0();
  60   1              while(1)
  61   1              {
  62   2                      Working();
  63   2              }
  64   1      }


MODULE INFORMATION:   STATIC OVERLAYABLE
   CODE SIZE        =    150    ----
   CONSTANT SIZE    =   ----    ----
   XDATA SIZE       =   ----    ----
   PDATA SIZE       =   ----    ----
   DATA SIZE        =   ----       2
   IDATA SIZE       =   ----    ----
   BIT SIZE         =   ----    ----
END OF MODULE INFORMATION.


C51 COMPILATION COMPLETE.  0 WARNING(S),  0 ERROR(S)
