C51 COMPILER V9.60.7.0   MAIN                                                              02/18/2024 21:36:16 PAGE 1   


C51 COMPILER V9.60.7.0, COMPILATION OF MODULE MAIN
OBJECT MODULE PLACED IN .\Objects\main.obj
COMPILER INVOKED BY: D:\Keil5\C51\BIN\C51.EXE main.c OPTIMIZE(8,SPEED) BROWSE DEBUG OBJECTEXTEND PRINT(.\Listings\main.l
                    -st) OBJECT(.\Objects\main.obj)

line level    source

   1          #include <STC15F2K60S2.H>
   2          #include <INTRINS.H>
   3          
   4          typedef unsigned char u8;
   5          typedef unsigned int u16;
   6          
   7          sbit S4 = P3^3;
   8          sbit S5 = P3^2;
   9          sbit S6 = P3^1;
  10          sbit S7 = P3^0;
  11          u8 code SMG[]= {0xc0, 0xf9, 0xa4, 0xb0, 0x99, 0x92, 0x82, 0xf8, 0x80, 0x90, 0x88, 0x80, 0xc6, 0xc0, 0x86, 
             -0x8e,0xbf,0x7f};
  12          u8 min = 0;
  13          u8 sec = 0;
  14          u8 msec = 0;
  15          void Delay(u16 xms)             //@12.000MHz
  16          {
  17   1          while(xms--)
  18   1          {
  19   2              unsigned char i, j;
  20   2      
  21   2              i = 2;
  22   2              j = 239;
  23   2              do
  24   2              {
  25   3                  while (--j);
  26   3              } while (--i);
  27   2          }
  28   1      }
  29          
  30          void InitHC138(u8 n)
  31          {
  32   1          switch(n)
  33   1          {
  34   2          case 4 :
  35   2              P2=(P2&0X1F)|0x80;
  36   2              break;
  37   2          case 5 :
  38   2              P2=(P2&0X1F)|0xA0;
  39   2              break;
  40   2          case 6 :
  41   2              P2=(P2&0X1F)|0xC0;
  42   2              break;
  43   2          case 7 :
  44   2              P2=(P2&0X1F)|0xE0;
  45   2              break;
  46   2          }
  47   1      }
  48          void ShowSMG(u8 value,u8 pos)
  49          {
  50   1          InitHC138(6);
  51   1          P0=(0x01)<<pos;
  52   1          InitHC138(7);
  53   1          P0=value;
C51 COMPILER V9.60.7.0   MAIN                                                              02/18/2024 21:36:16 PAGE 2   

  54   1              Delay(2);//消影
  55   1              P0=0xFF;
  56   1      }
  57          void Timer0_Init()              //50毫秒@12.000MHz
  58          {
  59   1          AUXR &= 0x7F;                       //定时器时钟12T模式
  60   1          TMOD &= 0xF0;                       //设置定时器模式
  61   1          TMOD |= 0x01;                       //设置定时器模式
  62   1          TL0 = 0xB0;                         //设置定时初始值
  63   1          TH0 = 0x3C;                         //设置定时初始值
  64   1          TF0 = 0;                            //清除TF0标志，开始时不挤时
  65   1          EA=1;
  66   1          //TR0 = 1;                          //定时器0开始计时
  67   1          ET0 = 1;                            //使能定时器0中断
  68   1      }
  69          void Timer0_Isr() interrupt 1
  70          {
  71   1          TL0 = 0xB0;                         //设置定时初始值
  72   1          TH0 = 0x3C;                         //设置定时初始值
  73   1              msec++;
  74   1              if(msec==20)
  75   1              {
  76   2                      sec++;
  77   2                      msec=0;
  78   2                      if(sec==60)
  79   2                      {
  80   3                              min++;
  81   3                              sec=0;
  82   3                      }
  83   2              }
  84   1              if(min==99)
  85   1              {
  86   2                      min=0;
  87   2              }
  88   1      }
  89          
  90          void DelaySMG(u16 t)
  91          {
  92   1              while(t--);
  93   1      }
  94          void DisplayTime()
  95          {
  96   1              ShowSMG(SMG[(msec*5)%10],7);
  97   1              ShowSMG(SMG[(msec*5)/10],6);
  98   1              ShowSMG(SMG[16],5);
  99   1              
 100   1              
 101   1              ShowSMG(SMG[sec%10],4);
 102   1              ShowSMG(SMG[sec/10],3);
 103   1              ShowSMG(SMG[16],2);
 104   1              
 105   1              
 106   1              ShowSMG(SMG[min%10],1);
 107   1              ShowSMG(SMG[min/10],0);
 108   1              
 109   1      }
 110          
 111          u8 KeyNum;
 112          u8 Key()
 113          {
 114   1              u8 res;
 115   1              if(S4==0){Delay(20);while(S4==0);Delay(20);res=4;};
C51 COMPILER V9.60.7.0   MAIN                                                              02/18/2024 21:36:16 PAGE 3   

 116   1              if(S5==0){Delay(20);while(S5==0);Delay(20);res=5;};
 117   1              if(S6==0){Delay(20);while(S6==0);Delay(20);res=6;};
 118   1              if(S7==0){Delay(20);while(S7==0);Delay(20);res=7;};
 119   1              return res;
 120   1      }
 121          void ScanKey()
 122          {
 123   1          if(S4==0)//暂停
 124   1          {
 125   2              Delay(10);
 126   2              if(S4==0)
 127   2              {
 128   3                              TR0 = ~TR0;
 129   3                              while(S4==0)
 130   3                              {
 131   4                                      DisplayTime();//按下时任然显示
 132   4                              }
 133   3                              
 134   3              }
 135   2                      
 136   2          }
 137   1          if(S5==0)//清零
 138   1          {
 139   2              Delay(10);
 140   2              if(S5==0)
 141   2              {
 142   3                              min=0;
 143   3                              sec=0;
 144   3                              msec=0;
 145   3                              while(S5==0)
 146   3                              {
 147   4                                      DisplayTime();
 148   4                              }
 149   3                              
 150   3              }
 151   2                      
 152   2          }
 153   1              
 154   1      }
 155          void main()
 156          {
 157   1              InitHC138(4);
 158   1              P0=0xFF;
 159   1          Timer0_Init();
 160   1          while(1)
 161   1          {
 162   2                      ScanKey();
 163   2                      DisplayTime();
 164   2          }
 165   1      }


MODULE INFORMATION:   STATIC OVERLAYABLE
   CODE SIZE        =    462    ----
   CONSTANT SIZE    =     18    ----
   XDATA SIZE       =   ----    ----
   PDATA SIZE       =   ----    ----
   DATA SIZE        =      4       2
   IDATA SIZE       =   ----    ----
   BIT SIZE         =   ----    ----
END OF MODULE INFORMATION.


C51 COMPILATION COMPLETE.  0 WARNING(S),  0 ERROR(S)
